health_before=200
ready_before=200
 Container feature2-delivery-check-db-1 Stopping 
 Container feature2-delivery-check-db-1 Stopped 
health_outage=200
ready_outage=503
 Container feature2-delivery-check-db-1 Starting 
 Container feature2-delivery-check-db-1 Started 
ready_recovery=200
app_running_after_migration_failure=false
 Container feature2-delivery-check-app-1 Stopping 
 Container feature2-delivery-check-app-1 Stopped 
graceful_exit=0
 Container feature2-delivery-check-app-1 Stopping 
 Container feature2-delivery-check-app-1 Stopped 
 Container feature2-delivery-check-app-1 Removing 
 Container feature2-delivery-check-app-1 Removed 
 Container feature2-delivery-check-migrate-1 Stopping 
 Container feature2-delivery-check-migrate-1 Stopped 
 Container feature2-delivery-check-migrate-1 Removing 
 Container feature2-delivery-check-migrate-1 Removed 
 Container feature2-delivery-check-db-1 Stopping 
 Container feature2-delivery-check-db-1 Stopped 
 Container feature2-delivery-check-db-1 Removing 
 Container feature2-delivery-check-db-1 Removed 
 Network feature2-delivery-check_default Removing 
 Volume feature2-delivery-check_postgres-data Removing 
 Volume feature2-delivery-check_postgres-data Removed 
 Network feature2-delivery-check_default Removed 
